2026-08-23 07:02:49,732 INFO subiquity:207 Starting Subiquity server revision 494 of snap /snap/ubuntu-desktop-bootstrap/494 of version 0+git.4bc1f4077
2026-08-23 07:02:49,737 INFO subiquity:211 Arguments passed: ['/snap/ubuntu-desktop-bootstrap/494/bin/subiquity/subiquity/cmd/server.py', '--use-os-prober', '--storage-version=2', '--postinst-hooks-dir=/snap/ubuntu-desktop-bootstrap/494/etc/subiquity/postinst.d', '--no-wlan-listener']
2026-08-23 07:03:16,651 WARNING subiquity.cloudinit:97 cloud-init schema --system timed out
2026-08-23 07:03:23,455 INFO root:38 start: subiquity/apply_autoinstall_config: 
2026-08-23 07:03:23,559 INFO root:38 finish: subiquity/apply_autoinstall_config: SUCCESS: 
2026-08-23 07:03:23,654 INFO root:38 finish: subiquity/Meta/client_variant_POST: SUCCESS: 200 null
2026-08-23 07:03:24,562 ERROR root:38 finish: subiquity/Refresh/check_for_update: FAIL: cancelled
2026-08-23 07:03:24,567 ERROR probert.multipath:38 Failed to run cmd: ['multipathd', 'show', 'maps', 'raw', 'format', '%w,%d,%N']
2026-08-23 07:03:24,600 ERROR probert.multipath:38 Failed to run cmd: ['multipathd', 'show', 'paths', 'raw', 'format', '%d,%z,%m,%N,%n,%R,%r,%a']
2026-08-23 07:03:24,607 ERROR root:38 finish: subiquity/Refresh/check_for_update: FAIL: cancelled
2026-08-23 07:03:24,741 INFO root:38 start: subiquity/Meta/status_GET: 
2026-08-23 07:03:24,746 INFO root:38 finish: subiquity/Meta/status_GET: SUCCESS: 200 {"state": "WAITING", "confirming_tty": "", "error": null, "nonreportable_erro...
2026-08-23 07:03:24,898 INFO root:38 start: subiquity/Meta/mark_configured_POST: 
2026-08-23 07:03:24,942 INFO root:38 finish: subiquity/Meta/mark_configured_POST: SUCCESS: 200 null
2026-08-23 07:03:25,530 INFO root:38 start: subiquity/Meta/status_GET: 
2026-08-23 07:03:25,553 INFO root:38 finish: subiquity/Meta/status_GET: SUCCESS: 200 {"state": "WAITING", "confirming_tty": "", "error": null, "nonreportable_erro...
2026-08-23 07:03:25,569 INFO root:38 start: subiquity/Meta/status_GET: 
2026-08-23 07:03:25,576 INFO root:38 finish: subiquity/Meta/status_GET: SUCCESS: 200 {"state": "WAITING", "confirming_tty": "", "error": null, "nonreportable_erro...
2026-08-23 07:03:25,601 INFO root:38 start: subiquity/Meta/status_GET: 
2026-08-23 07:03:25,674 INFO root:38 start: subiquity/Meta/interactive_sections_GET: 
2026-08-23 07:03:25,677 INFO root:38 finish: subiquity/Meta/interactive_sections_GET: SUCCESS: 200 null
2026-08-23 07:03:32,610 INFO curtin:1472 Validating extracted storage config components
